map $uri $backend_stream {
    default "";

    /tvone           http://127.0.0.1/hls/tvone/index.m3u8;
    /kompastv        http://127.0.0.1/hls/kompastv/index.m3u8;
    /cnbcindonesia   http://127.0.0.1/hls/cnbcindonesia/index.m3u8;
    /cnnindonesia    http://127.0.0.1/hls/cnnindonesia/index.m3u8;
    /metrotv         http://127.0.0.1/hls/metrotv/index.m3u8;
    /inews           http://127.0.0.1/hls/inews/index.m3u8;
    /bnchannel       http://127.0.0.1/hls/bnchannel/index.m3u8;
    /sctv            http://127.0.0.1/hls/sctv/index.m3u8;
    /indosiar        http://127.0.0.1/hls/indosiar/index.m3u8;
    /tvri-nasional   http://127.0.0.1/hls/tvri-nasional/index.m3u8;
    /tvri-world      http://127.0.0.1/hls/tvri-world/index.m3u8;
    /tvri-sport      http://127.0.0.1/hls/tvri-sport/index.m3u8;
    /antv            http://127.0.0.1/hls/antv/index.m3u8;
    /transtv         http://127.0.0.1/hls/transtv/index.m3u8;
    /trans7          http://127.0.0.1/hls/trans7/index.m3u8;
    /mdtv            http://127.0.0.1/hls/mdtv/index.m3u8;
    /rcti            http://127.0.0.1/hls/rcti/index.m3u8;
    /mnctv           http://127.0.0.1/hls/mnctv/index.m3u8;
    /gtv             http://127.0.0.1/hls/gtv/index.m3u8;
    /moji            http://127.0.0.1/hls/moji/index.m3u8;
    /rtv             http://127.0.0.1/hls/rtv/index.m3u8;
    /vtv             http://127.0.0.1/hls/vtv/index.m3u8;
    /daaitv          http://127.0.0.1/hls/daaitv/index.m3u8;
    /mentaritv       http://127.0.0.1/hls/mentaritv/index.m3u8;
    /rodja           http://127.0.0.1/hls/rodja/index.m3u8;
    /mgi             http://127.0.0.1/hls/mgi/index.m3u8;
    /ashiil          http://127.0.0.1/hls/ashiil/index.m3u8;
}

map $uri $udpxy_stream {
    default "";

    /tvone           http://192.168.2.1:4022/rtp/239.2.2.2:3000;
    /kompastv        http://192.168.2.1:4022/rtp/239.2.2.17:3000;
    /cnbcindonesia   http://192.168.2.1:4022/rtp/239.2.2.12:3000;
    /cnnindonesia    http://192.168.2.1:4022/rtp/239.2.2.13:3000;
    /metrotv         http://192.168.2.1:4022/rtp/239.2.2.24:3000;
    /bnchannel       http://192.168.2.1:4022/rtp/239.2.2.25:3000;
    /sctv            http://192.168.2.1:4022/rtp/239.2.2.29:3000;
    /indosiar        http://192.168.2.1:4022/rtp/239.2.2.28:3000;
    /tvri-nasional   http://192.168.2.1:4022/rtp/239.2.2.7:3000;
    /tvri-world      http://192.168.2.1:4022/rtp/239.2.2.8:3000;
    /tvri-sport      http://192.168.2.1:4022/rtp/239.2.2.9:3000;
    /antv            http://192.168.2.1:4022/rtp/239.2.2.15:3000;
    /transtv         http://192.168.2.1:4022/rtp/239.2.2.10:3000;
    /trans7          http://192.168.2.1:4022/rtp/239.2.2.11:3000;
    /mdtv            http://192.168.2.1:4022/rtp/239.2.2.14:3000;
    /moji            http://192.168.2.1:4022/rtp/239.2.2.5:3000;
    /rtv             http://192.168.2.1:4022/rtp/239.2.2.23:3000;
    /vtv             http://192.168.2.1:4022/rtp/239.2.2.16:3000;
    /daaitv          http://192.168.2.1:4022/rtp/239.2.2.34:3000;
    /mentaritv       http://192.168.2.1:4022/rtp/239.2.2.6:3000;
    /rodja           http://192.168.2.1:4022/rtp/239.2.2.31:3000;
    /mgi             http://192.168.2.1:4022/rtp/239.2.2.32:3000;
    /ashiil          http://192.168.2.1:4022/rtp/239.2.2.33:3000;
}
